app/api/admin/orders/route.ts(9,48): error TS2345: Argument of type '[{ providers: CredentialsConfig<{ email: { label: string; type: string; }; password: { label: string; type: string; }; }>[]; callbacks: { jwt({ token, user }: any): Promise<any>; session({ session, token }: any): Promise<...>; }; pages: { ...; }; session: { ...; }; secret: string; debug: boolean; }]' is not assignable to parameter of type 'GetServerSessionParams<GetServerSessionOptions>'.
  Type '[{ providers: CredentialsConfig<{ email: { label: string; type: string; }; password: { label: string; type: string; }; }>[]; callbacks: { jwt({ token, user }: any): Promise<any>; session({ session, token }: any): Promise<...>; }; pages: { ...; }; session: { ...; }; secret: string; debug: boolean; }]' is not assignable to type '[GetServerSessionOptions]'.
    Type '{ providers: CredentialsConfig<{ email: { label: string; type: string; }; password: { label: string; type: string; }; }>[]; callbacks: { jwt({ token, user }: any): Promise<any>; session({ session, token }: any): Promise<...>; }; pages: { ...; }; session: { ...; }; secret: string; debug: boolean; }' is not assignable to type 'GetServerSessionOptions'.
      Type '{ providers: CredentialsConfig<{ email: { label: string; type: string; }; password: { label: string; type: string; }; }>[]; callbacks: { jwt({ token, user }: any): Promise<any>; session({ session, token }: any): Promise<...>; }; pages: { ...; }; session: { ...; }; secret: string; debug: boolean; }' is not assignable to type 'Partial<Omit<AuthOptions, "callbacks">>'.
        The types of 'session.strategy' are incompatible between these types.
          Type 'string' is not assignable to type 'SessionStrategy | undefined'.
app/api/admin/orders/route.ts(11,25): error TS18048: 'session.user' is possibly 'undefined'.
app/api/admin/orders/route.ts(11,38): error TS2339: Property 'role' does not exist on type '{ name?: string | null | undefined; email?: string | null | undefined; image?: string | null | undefined; }'.
app/api/admin/stats/route.ts(10,48): error TS2345: Argument of type '[{ providers: CredentialsConfig<{ email: { label: string; type: string; }; password: { label: string; type: string; }; }>[]; callbacks: { jwt({ token, user }: any): Promise<any>; session({ session, token }: any): Promise<...>; }; pages: { ...; }; session: { ...; }; secret: string; debug: boolean; }]' is not assignable to parameter of type 'GetServerSessionParams<GetServerSessionOptions>'.
  Type '[{ providers: CredentialsConfig<{ email: { label: string; type: string; }; password: { label: string; type: string; }; }>[]; callbacks: { jwt({ token, user }: any): Promise<any>; session({ session, token }: any): Promise<...>; }; pages: { ...; }; session: { ...; }; secret: string; debug: boolean; }]' is not assignable to type '[GetServerSessionOptions]'.
    Type '{ providers: CredentialsConfig<{ email: { label: string; type: string; }; password: { label: string; type: string; }; }>[]; callbacks: { jwt({ token, user }: any): Promise<any>; session({ session, token }: any): Promise<...>; }; pages: { ...; }; session: { ...; }; secret: string; debug: boolean; }' is not assignable to type 'GetServerSessionOptions'.
      Type '{ providers: CredentialsConfig<{ email: { label: string; type: string; }; password: { label: string; type: string; }; }>[]; callbacks: { jwt({ token, user }: any): Promise<any>; session({ session, token }: any): Promise<...>; }; pages: { ...; }; session: { ...; }; secret: string; debug: boolean; }' is not assignable to type 'Partial<Omit<AuthOptions, "callbacks">>'.
        The types of 'session.strategy' are incompatible between these types.
          Type 'string' is not assignable to type 'SessionStrategy | undefined'.
app/api/admin/stats/route.ts(12,25): error TS18048: 'session.user' is possibly 'undefined'.
app/api/admin/stats/route.ts(12,38): error TS2339: Property 'role' does not exist on type '{ name?: string | null | undefined; email?: string | null | undefined; image?: string | null | undefined; }'.
app/api/auth/[...nextauth]/route.ts(71,26): error TS2345: Argument of type '{ providers: CredentialsConfig<{ email: { label: string; type: string; }; password: { label: string; type: string; }; }>[]; callbacks: { jwt({ token, user }: any): Promise<any>; session({ session, token }: any): Promise<...>; }; pages: { ...; }; session: { ...; }; secret: string; debug: boolean; }' is not assignable to parameter of type 'AuthOptions'.
  The types of 'session.strategy' are incompatible between these types.
    Type 'string' is not assignable to type 'SessionStrategy | undefined'.
app/api/orders/route.ts(11,48): error TS2345: Argument of type '[{ providers: CredentialsConfig<{ email: { label: string; type: string; }; password: { label: string; type: string; }; }>[]; callbacks: { jwt({ token, user }: any): Promise<any>; session({ session, token }: any): Promise<...>; }; pages: { ...; }; session: { ...; }; secret: string; debug: boolean; }]' is not assignable to parameter of type 'GetServerSessionParams<GetServerSessionOptions>'.
  Type '[{ providers: CredentialsConfig<{ email: { label: string; type: string; }; password: { label: string; type: string; }; }>[]; callbacks: { jwt({ token, user }: any): Promise<any>; session({ session, token }: any): Promise<...>; }; pages: { ...; }; session: { ...; }; secret: string; debug: boolean; }]' is not assignable to type '[GetServerSessionOptions]'.
    Type '{ providers: CredentialsConfig<{ email: { label: string; type: string; }; password: { label: string; type: string; }; }>[]; callbacks: { jwt({ token, user }: any): Promise<any>; session({ session, token }: any): Promise<...>; }; pages: { ...; }; session: { ...; }; secret: string; debug: boolean; }' is not assignable to type 'GetServerSessionOptions'.
      Type '{ providers: CredentialsConfig<{ email: { label: string; type: string; }; password: { label: string; type: string; }; }>[]; callbacks: { jwt({ token, user }: any): Promise<any>; session({ session, token }: any): Promise<...>; }; pages: { ...; }; session: { ...; }; secret: string; debug: boolean; }' is not assignable to type 'Partial<Omit<AuthOptions, "callbacks">>'.
        The types of 'session.strategy' are incompatible between these types.
          Type 'string' is not assignable to type 'SessionStrategy | undefined'.
app/api/orders/route.ts(22,13): error TS18048: 'session.user' is possibly 'undefined'.
app/api/orders/route.ts(22,26): error TS2339: Property 'role' does not exist on type '{ name?: string | null | undefined; email?: string | null | undefined; image?: string | null | undefined; }'.
app/api/orders/route.ts(38,54): error TS18048: 'session.user' is possibly 'undefined'.
app/api/orders/route.ts(65,48): error TS2345: Argument of type '[{ providers: CredentialsConfig<{ email: { label: string; type: string; }; password: { label: string; type: string; }; }>[]; callbacks: { jwt({ token, user }: any): Promise<any>; session({ session, token }: any): Promise<...>; }; pages: { ...; }; session: { ...; }; secret: string; debug: boolean; }]' is not assignable to parameter of type 'GetServerSessionParams<GetServerSessionOptions>'.
  Type '[{ providers: CredentialsConfig<{ email: { label: string; type: string; }; password: { label: string; type: string; }; }>[]; callbacks: { jwt({ token, user }: any): Promise<any>; session({ session, token }: any): Promise<...>; }; pages: { ...; }; session: { ...; }; secret: string; debug: boolean; }]' is not assignable to type '[GetServerSessionOptions]'.
    Type '{ providers: CredentialsConfig<{ email: { label: string; type: string; }; password: { label: string; type: string; }; }>[]; callbacks: { jwt({ token, user }: any): Promise<any>; session({ session, token }: any): Promise<...>; }; pages: { ...; }; session: { ...; }; secret: string; debug: boolean; }' is not assignable to type 'GetServerSessionOptions'.
      Type '{ providers: CredentialsConfig<{ email: { label: string; type: string; }; password: { label: string; type: string; }; }>[]; callbacks: { jwt({ token, user }: any): Promise<any>; session({ session, token }: any): Promise<...>; }; pages: { ...; }; session: { ...; }; secret: string; debug: boolean; }' is not assignable to type 'Partial<Omit<AuthOptions, "callbacks">>'.
        The types of 'session.strategy' are incompatible between these types.
          Type 'string' is not assignable to type 'SessionStrategy | undefined'.
app/api/products/route.ts(62,48): error TS2345: Argument of type '[{ providers: CredentialsConfig<{ email: { label: string; type: string; }; password: { label: string; type: string; }; }>[]; callbacks: { jwt({ token, user }: any): Promise<any>; session({ session, token }: any): Promise<...>; }; pages: { ...; }; session: { ...; }; secret: string; debug: boolean; }]' is not assignable to parameter of type 'GetServerSessionParams<GetServerSessionOptions>'.
  Type '[{ providers: CredentialsConfig<{ email: { label: string; type: string; }; password: { label: string; type: string; }; }>[]; callbacks: { jwt({ token, user }: any): Promise<any>; session({ session, token }: any): Promise<...>; }; pages: { ...; }; session: { ...; }; secret: string; debug: boolean; }]' is not assignable to type '[GetServerSessionOptions]'.
    Type '{ providers: CredentialsConfig<{ email: { label: string; type: string; }; password: { label: string; type: string; }; }>[]; callbacks: { jwt({ token, user }: any): Promise<any>; session({ session, token }: any): Promise<...>; }; pages: { ...; }; session: { ...; }; secret: string; debug: boolean; }' is not assignable to type 'GetServerSessionOptions'.
      Type '{ providers: CredentialsConfig<{ email: { label: string; type: string; }; password: { label: string; type: string; }; }>[]; callbacks: { jwt({ token, user }: any): Promise<any>; session({ session, token }: any): Promise<...>; }; pages: { ...; }; session: { ...; }; secret: string; debug: boolean; }' is not assignable to type 'Partial<Omit<AuthOptions, "callbacks">>'.
        The types of 'session.strategy' are incompatible between these types.
          Type 'string' is not assignable to type 'SessionStrategy | undefined'.
app/api/products/route.ts(63,25): error TS18048: 'session.user' is possibly 'undefined'.
app/api/products/route.ts(63,38): error TS2339: Property 'role' does not exist on type '{ name?: string | null | undefined; email?: string | null | undefined; image?: string | null | undefined; }'.
app/api/products/route.ts(80,48): error TS2345: Argument of type '[{ providers: CredentialsConfig<{ email: { label: string; type: string; }; password: { label: string; type: string; }; }>[]; callbacks: { jwt({ token, user }: any): Promise<any>; session({ session, token }: any): Promise<...>; }; pages: { ...; }; session: { ...; }; secret: string; debug: boolean; }]' is not assignable to parameter of type 'GetServerSessionParams<GetServerSessionOptions>'.
  Type '[{ providers: CredentialsConfig<{ email: { label: string; type: string; }; password: { label: string; type: string; }; }>[]; callbacks: { jwt({ token, user }: any): Promise<any>; session({ session, token }: any): Promise<...>; }; pages: { ...; }; session: { ...; }; secret: string; debug: boolean; }]' is not assignable to type '[GetServerSessionOptions]'.
    Type '{ providers: CredentialsConfig<{ email: { label: string; type: string; }; password: { label: string; type: string; }; }>[]; callbacks: { jwt({ token, user }: any): Promise<any>; session({ session, token }: any): Promise<...>; }; pages: { ...; }; session: { ...; }; secret: string; debug: boolean; }' is not assignable to type 'GetServerSessionOptions'.
      Type '{ providers: CredentialsConfig<{ email: { label: string; type: string; }; password: { label: string; type: string; }; }>[]; callbacks: { jwt({ token, user }: any): Promise<any>; session({ session, token }: any): Promise<...>; }; pages: { ...; }; session: { ...; }; secret: string; debug: boolean; }' is not assignable to type 'Partial<Omit<AuthOptions, "callbacks">>'.
        The types of 'session.strategy' are incompatible between these types.
          Type 'string' is not assignable to type 'SessionStrategy | undefined'.
app/api/products/route.ts(81,25): error TS18048: 'session.user' is possibly 'undefined'.
app/api/products/route.ts(81,38): error TS2339: Property 'role' does not exist on type '{ name?: string | null | undefined; email?: string | null | undefined; image?: string | null | undefined; }'.
app/api/products/route.ts(112,48): error TS2345: Argument of type '[{ providers: CredentialsConfig<{ email: { label: string; type: string; }; password: { label: string; type: string; }; }>[]; callbacks: { jwt({ token, user }: any): Promise<any>; session({ session, token }: any): Promise<...>; }; pages: { ...; }; session: { ...; }; secret: string; debug: boolean; }]' is not assignable to parameter of type 'GetServerSessionParams<GetServerSessionOptions>'.
  Type '[{ providers: CredentialsConfig<{ email: { label: string; type: string; }; password: { label: string; type: string; }; }>[]; callbacks: { jwt({ token, user }: any): Promise<any>; session({ session, token }: any): Promise<...>; }; pages: { ...; }; session: { ...; }; secret: string; debug: boolean; }]' is not assignable to type '[GetServerSessionOptions]'.
    Type '{ providers: CredentialsConfig<{ email: { label: string; type: string; }; password: { label: string; type: string; }; }>[]; callbacks: { jwt({ token, user }: any): Promise<any>; session({ session, token }: any): Promise<...>; }; pages: { ...; }; session: { ...; }; secret: string; debug: boolean; }' is not assignable to type 'GetServerSessionOptions'.
      Type '{ providers: CredentialsConfig<{ email: { label: string; type: string; }; password: { label: string; type: string; }; }>[]; callbacks: { jwt({ token, user }: any): Promise<any>; session({ session, token }: any): Promise<...>; }; pages: { ...; }; session: { ...; }; secret: string; debug: boolean; }' is not assignable to type 'Partial<Omit<AuthOptions, "callbacks">>'.
        The types of 'session.strategy' are incompatible between these types.
          Type 'string' is not assignable to type 'SessionStrategy | undefined'.
app/api/products/route.ts(113,25): error TS18048: 'session.user' is possibly 'undefined'.
app/api/products/route.ts(113,38): error TS2339: Property 'role' does not exist on type '{ name?: string | null | undefined; email?: string | null | undefined; image?: string | null | undefined; }'.
components/Navbar.tsx(70,33): error TS2339: Property 'role' does not exist on type '{ name?: string | null | undefined; email?: string | null | undefined; image?: string | null | undefined; }'.
